<?xml version="1.0" encoding="utf-8"?>
<testsuites><testsuite name="SampleISP.tests.RouterTestCase"><testcase classname="SampleISP.tests.RouterTestCase" name="test_router_name" time="0.002000"></testcase></testsuite><testsuite name="SampleISP.tests.HttpClientTestCase"><testcase classname="SampleISP.tests.HttpClientTestCase" name="test_list_tables" time="1.055000"></testcase><testcase classname="SampleISP.tests.HttpClientTestCase" name="test_login" time="0.325000"></testcase><testcase classname="SampleISP.tests.HttpClientTestCase" name="test_login_post" time="0.402000"></testcase><testcase classname="SampleISP.tests.HttpClientTestCase" name="test_router_details" time="0.398000"></testcase></testsuite><testsuite name="SampleISP.tests.SplinterTests"><testcase classname="SampleISP.tests.SplinterTests" name="test_update_router" time="17.837000"></testcase></testsuite></testsuites>